[backblue.gif]
[fade.gif]
[index.html]
[html.designingmedia.com/artelligence/assets/images/favicon/apple-icon-57x57.png]
[html.designingmedia.com/artelligence/assets/images/favicon/apple-icon-60x60.png]
[html.designingmedia.com/artelligence/assets/images/favicon/apple-icon-72x72.png]
[html.designingmedia.com/artelligence/assets/images/favicon/apple-icon-76x76.png]
[html.designingmedia.com/artelligence/assets/images/favicon/apple-icon-114x114.png]
[html.designingmedia.com/artelligence/assets/images/favicon/apple-icon-120x120.png]
[html.designingmedia.com/artelligence/assets/images/favicon/apple-icon-144x144.png]
[html.designingmedia.com/artelligence/assets/images/favicon/apple-icon-152x152.png]
[html.designingmedia.com/artelligence/assets/images/favicon/apple-icon-180x180.png]
[html.designingmedia.com/artelligence/assets/images/favicon/android-icon-192x192.png]
[html.designingmedia.com/artelligence/assets/images/favicon/favicon-32x32.png]
[html.designingmedia.com/artelligence/assets/images/favicon/favicon-96x96.png]
[html.designingmedia.com/artelligence/assets/images/favicon/favicon-16x16.png]
[html.designingmedia.com/artelligence/assets/images/favicon/manifest.json]
[html.designingmedia.com/artelligence/assets/js/bootstrap.min.js]
[cdnjs.cloudflare.com/ajax/libs/font-awesome/6.1.1/css/all.min.css]
[cdnjs.cloudflare.com/ajax/libs/magnific-popup.js/1.1.0/magnific-popup.css]
[unpkg.com/aos@2.3.1/dist/aos.css]
[html.designingmedia.com/artelligence/assets/images/logo.png]
[html.designingmedia.com/artelligence/assets/images/banner-sideshape.png]
[html.designingmedia.com/artelligence/assets/images/banner-image.png]
[html.designingmedia.com/artelligence/assets/images/banner-sideshape2.png]
[html.designingmedia.com/artelligence/assets/images/about-image1.png]
[html.designingmedia.com/artelligence/assets/images/about-image2.png]
[html.designingmedia.com/artelligence/assets/images/about-customer.png]
[html.designingmedia.com/artelligence/assets/images/about-quality.png]
[html.designingmedia.com/artelligence/assets/images/service-image.png]
[html.designingmedia.com/artelligence/assets/images/service-reboticon.png]
[html.designingmedia.com/artelligence/assets/images/service-learningicon.png]
[html.designingmedia.com/artelligence/assets/images/service-scienceicon.png]
[html.designingmedia.com/artelligence/assets/images/service-analysicon.png]
[html.designingmedia.com/artelligence/assets/images/choose-sideshape.png]
[html.designingmedia.com/artelligence/assets/images/choose-image.png]
[html.designingmedia.com/artelligence/assets/images/choose-sideshape2.png]
[html.designingmedia.com/artelligence/assets/images/case-image1.png]
[html.designingmedia.com/artelligence/assets/images/case-image2.png]
[html.designingmedia.com/artelligence/assets/images/case-image3.png]
[html.designingmedia.com/artelligence/assets/images/case-image4.png]
[html.designingmedia.com/artelligence/assets/images/case-image5.png]
[html.designingmedia.com/artelligence/assets/images/case-image6.png]
[html.designingmedia.com/artelligence/assets/images/testimonial-image.png]
[html.designingmedia.com/artelligence/assets/images/testimonial-comas.png]
[html.designingmedia.com/artelligence/assets/images/testimonial-sideimage.png]
[html.designingmedia.com/artelligence/assets/images/partner1.png]
[html.designingmedia.com/artelligence/assets/images/partner2.png]
[html.designingmedia.com/artelligence/assets/images/partner3.png]
[html.designingmedia.com/artelligence/assets/images/partner4.png]
[html.designingmedia.com/artelligence/assets/images/partner5.png]
[html.designingmedia.com/artelligence/assets/images/faq-image.png]
[html.designingmedia.com/artelligence/assets/images/footer-sideshape.png]
[html.designingmedia.com/artelligence/assets/images/footer-image.png]
[html.designingmedia.com/artelligence/assets/js/jquery-3.6.0.min.js]
[html.designingmedia.com/artelligence/assets/js/video_link.js]
[html.designingmedia.com/artelligence/assets/js/video.js]
[html.designingmedia.com/artelligence/assets/js/counter.js]
[html.designingmedia.com/artelligence/assets/js/custom.js]
[html.designingmedia.com/artelligence/assets/js/animation_links.js]
[html.designingmedia.com/artelligence/assets/js/animation.js]
[html.designingmedia.com/artelligence/index04b9.html]
[html.designingmedia.com/artelligence/assets/bootstrap/bootstrap.min.css]
[cdnjs.cloudflare.com/ajax/libs/font-awesome/6.1.1/css/all.min.css]
[html.designingmedia.com/artelligence/assets/images/banner-background.png]
[html.designingmedia.com/artelligence/assets/images/choose-background.png]
[html.designingmedia.com/artelligence/assets/images/footer-background.png]
[html.designingmedia.com/artelligence/assets/images/sub-bannerbackgroung.png]
[html.designingmedia.com/artelligence/assets/css/style.css]
[html.designingmedia.com/artelligence/assets/css/responsive.css]
[cdnjs.cloudflare.com/ajax/libs/magnific-popup.js/1.1.0/magnific-popup.css]
[unpkg.com/aos@2.3.1/dist/aos.css]
[html.designingmedia.com/artelligence/index.html]
[html.designingmedia.com/artelligence/assets/images/sub-bannersideshape.png]
[html.designingmedia.com/artelligence/assets/images/sub-bannerimage.png]
[html.designingmedia.com/artelligence/assets/images/sub-bannersideshape2.png]
[html.designingmedia.com/artelligence/assets/images/aboutpage-image.png]
[html.designingmedia.com/artelligence/assets/images/aboutpage-image2.png]
[html.designingmedia.com/artelligence/assets/images/counter-sideimage.png]
[html.designingmedia.com/artelligence/assets/images/counter-image1.png]
[html.designingmedia.com/artelligence/assets/images/counter-image2.png]
[html.designingmedia.com/artelligence/assets/images/counter-image3.png]
[html.designingmedia.com/artelligence/assets/images/counter-image4.png]
[html.designingmedia.com/artelligence/assets/images/image-vediosession.png]
[html.designingmedia.com/artelligence/about.html]
[html.designingmedia.com/artelligence/assets/images/team-sideimage.png]
[html.designingmedia.com/artelligence/assets/images/service-technologyicon.png]
[html.designingmedia.com/artelligence/assets/images/service-metalicon.png]
[html.designingmedia.com/artelligence/service.html]
[html.designingmedia.com/artelligence/projects.html]
[html.designingmedia.com/artelligence/assets/images/team-image1.png]
[html.designingmedia.com/artelligence/assets/images/team-image2.png]
[html.designingmedia.com/artelligence/assets/images/team-image3.png]
[html.designingmedia.com/artelligence/assets/images/team-image4.png]
[html.designingmedia.com/artelligence/assets/images/team-image5.png]
[html.designingmedia.com/artelligence/assets/images/team-image6.png]
[html.designingmedia.com/artelligence/team.html]
[html.designingmedia.com/artelligence/faq.html]
[html.designingmedia.com/artelligence/assets/images/contact-location.png]
[html.designingmedia.com/artelligence/assets/images/contact-phone.png]
[html.designingmedia.com/artelligence/assets/images/contact-email.png]
[html.designingmedia.com/artelligence/contact.html]
[html.designingmedia.com/ms-icon-144x144.html]
